0 verbose cli C:\Program Files\nodejs\node.exe C:\Program Files\nodejs\node_modules\npm\bin\npm-cli.js
1 info using npm@11.12.1
2 info using node@v24.15.0
3 silly config load:file:C:\Program Files\nodejs\node_modules\npm\npmrc
4 silly config load:file:C:\Users\85978\Desktop\生活\yqc\web开发\.npmrc
5 silly config load:file:C:\Users\85978\.npmrc
6 silly config load:file:E:\nodejs\node_global\etc\npmrc
7 verbose title npm install
8 verbose argv "install" "--cache" ".npm-cache"
9 verbose logfile logs-max:10 dir:C:\Users\85978\Desktop\生活\yqc\web开发\.npm-cache\_logs\2026-08-11T14_27_24_667Z-
10 verbose logfile C:\Users\85978\Desktop\生活\yqc\web开发\.npm-cache\_logs\2026-08-11T14_27_24_667Z-debug-0.log
11 silly logfile done cleaning log files
12 silly packumentCache heap:4496293888 maxSize:1124073472 maxEntrySize:562036736
13 silly idealTree buildDeps
14 silly fetch manifest @supabase/supabase-js@^2.57.4
15 silly packumentCache full:https://registry.npmmirror.com/@supabase%2fsupabase-js cache-miss
16 http fetch GET 200 https://registry.npmmirror.com/@supabase%2fsupabase-js 358ms (cache miss)
17 silly packumentCache full:https://registry.npmmirror.com/@supabase%2fsupabase-js set size:468214 disposed:false
18 silly fetch manifest @opentelemetry/api@>=1.0.0
19 silly packumentCache full:https://registry.npmmirror.com/@opentelemetry%2fapi cache-miss
20 http fetch GET 200 https://registry.npmmirror.com/@opentelemetry%2fapi 173ms (cache revalidated)
21 silly packumentCache full:https://registry.npmmirror.com/@opentelemetry%2fapi set size:222554 disposed:false
22 silly placeDep ROOT @supabase/supabase-js@2.112.3 OK for: couple-birthday-site@0.1.0 want: ^2.57.4
23 silly fetch manifest @supabase/auth-js@2.112.3
24 silly packumentCache full:https://registry.npmmirror.com/@supabase%2fauth-js cache-miss
25 silly fetch manifest @supabase/storage-js@2.112.3
26 silly packumentCache full:https://registry.npmmirror.com/@supabase%2fstorage-js cache-miss
27 silly fetch manifest @supabase/realtime-js@2.112.3
28 silly packumentCache full:https://registry.npmmirror.com/@supabase%2frealtime-js cache-miss
29 silly fetch manifest @supabase/functions-js@2.112.3
30 silly packumentCache full:https://registry.npmmirror.com/@supabase%2ffunctions-js cache-miss
31 silly fetch manifest @supabase/postgrest-js@2.112.3
32 silly packumentCache full:https://registry.npmmirror.com/@supabase%2fpostgrest-js cache-miss
33 http fetch GET 200 https://registry.npmmirror.com/@supabase%2ffunctions-js 199ms (cache miss)
34 silly packumentCache full:https://registry.npmmirror.com/@supabase%2ffunctions-js set size:180336 disposed:false
35 http fetch GET 200 https://registry.npmmirror.com/@supabase%2fauth-js 240ms (cache miss)
36 silly packumentCache full:https://registry.npmmirror.com/@supabase%2fauth-js set size:206300 disposed:false
37 http fetch GET 200 https://registry.npmmirror.com/@supabase%2frealtime-js 276ms (cache miss)
38 silly packumentCache full:https://registry.npmmirror.com/@supabase%2frealtime-js set size:261691 disposed:false
39 http fetch GET 200 https://registry.npmmirror.com/@supabase%2fstorage-js 321ms (cache miss)
40 silly packumentCache full:https://registry.npmmirror.com/@supabase%2fstorage-js set size:216706 disposed:false
41 http fetch GET 200 https://registry.npmmirror.com/@supabase%2fpostgrest-js 382ms (cache miss)
42 silly packumentCache full:https://registry.npmmirror.com/@supabase%2fpostgrest-js set size:251612 disposed:false
43 silly placeDep ROOT @supabase/auth-js@2.112.3 OK for: @supabase/supabase-js@2.112.3 want: 2.112.3
44 silly placeDep ROOT @supabase/functions-js@2.112.3 OK for: @supabase/supabase-js@2.112.3 want: 2.112.3
45 silly placeDep ROOT @supabase/postgrest-js@2.112.3 OK for: @supabase/supabase-js@2.112.3 want: 2.112.3
46 silly placeDep ROOT @supabase/realtime-js@2.112.3 OK for: @supabase/supabase-js@2.112.3 want: 2.112.3
47 silly placeDep ROOT @supabase/storage-js@2.112.3 OK for: @supabase/supabase-js@2.112.3 want: 2.112.3
48 silly fetch manifest @supabase/phoenix@0.4.5
49 silly packumentCache full:https://registry.npmmirror.com/@supabase%2fphoenix cache-miss
50 silly fetch manifest iceberg-js@^0.8.1
51 silly packumentCache full:https://registry.npmmirror.com/iceberg-js cache-miss
52 http fetch GET 200 https://registry.npmmirror.com/@supabase%2fphoenix 73ms (cache miss)
53 silly packumentCache full:https://registry.npmmirror.com/@supabase%2fphoenix set size:7193 disposed:false
54 http fetch GET 200 https://registry.npmmirror.com/iceberg-js 189ms (cache miss)
55 silly packumentCache full:https://registry.npmmirror.com/iceberg-js set size:12878 disposed:false
56 silly placeDep ROOT @supabase/phoenix@0.4.5 OK for: @supabase/realtime-js@2.112.3 want: 0.4.5
57 silly placeDep ROOT iceberg-js@0.8.1 OK for: @supabase/storage-js@2.112.3 want: ^0.8.1
58 silly reify moves {}
59 silly audit bulk request {
59 silly audit   '@alloc/quick-lru': [ '5.2.0' ],
59 silly audit   '@jridgewell/gen-mapping': [ '0.3.13' ],
59 silly audit   '@jridgewell/resolve-uri': [ '3.1.2' ],
59 silly audit   '@jridgewell/sourcemap-codec': [ '1.5.5' ],
59 silly audit   '@jridgewell/trace-mapping': [ '0.3.31' ],
59 silly audit   '@next/env': [ '14.2.5' ],
59 silly audit   '@next/swc-darwin-arm64': [ '14.2.5' ],
59 silly audit   '@next/swc-darwin-x64': [ '14.2.5' ],
59 silly audit   '@next/swc-linux-arm64-gnu': [ '14.2.5' ],
59 silly audit   '@next/swc-linux-arm64-musl': [ '14.2.5' ],
59 silly audit   '@next/swc-linux-x64-gnu': [ '14.2.5' ],
59 silly audit   '@next/swc-linux-x64-musl': [ '14.2.5' ],
59 silly audit   '@next/swc-win32-arm64-msvc': [ '14.2.5' ],
59 silly audit   '@next/swc-win32-ia32-msvc': [ '14.2.5' ],
59 silly audit   '@next/swc-win32-x64-msvc': [ '14.2.5' ],
59 silly audit   '@nodelib/fs.scandir': [ '2.1.5' ],
59 silly audit   '@nodelib/fs.stat': [ '2.0.5' ],
59 silly audit   '@nodelib/fs.walk': [ '1.2.8' ],
59 silly audit   '@swc/counter': [ '0.1.3' ],
59 silly audit   '@swc/helpers': [ '0.5.5' ],
59 silly audit   '@types/node': [ '22.20.1' ],
59 silly audit   '@types/prop-types': [ '15.7.15' ],
59 silly audit   '@types/react': [ '18.3.31' ],
59 silly audit   '@types/react-dom': [ '18.3.7' ],
59 silly audit   'any-promise': [ '1.3.0' ],
59 silly audit   anymatch: [ '3.1.3' ],
59 silly audit   arg: [ '5.0.2' ],
59 silly audit   autoprefixer: [ '10.5.4' ],
59 silly audit   'baseline-browser-mapping': [ '2.11.13' ],
59 silly audit   'binary-extensions': [ '2.3.0' ],
59 silly audit   braces: [ '3.0.3' ],
59 silly audit   browserslist: [ '4.28.8' ],
59 silly audit   busboy: [ '1.6.0' ],
59 silly audit   'camelcase-css': [ '2.0.1' ],
59 silly audit   'caniuse-lite': [ '1.0.30001809' ],
59 silly audit   chokidar: [ '3.6.0' ],
59 silly audit   'glob-parent': [ '5.1.2', '6.0.2' ],
59 silly audit   'client-only': [ '0.0.1' ],
59 silly audit   commander: [ '4.1.1' ],
59 silly audit   cssesc: [ '3.0.0' ],
59 silly audit   csstype: [ '3.2.3' ],
59 silly audit   didyoumean: [ '1.2.2' ],
59 silly audit   dlv: [ '1.1.3' ],
59 silly audit   'electron-to-chromium': [ '1.5.404' ],
59 silly audit   'es-errors': [ '1.3.0' ],
59 silly audit   escalade: [ '3.2.0' ],
59 silly audit   'fast-glob': [ '3.3.3' ],
59 silly audit   fastq: [ '1.20.1' ],
59 silly audit   'fill-range': [ '7.1.1' ],
59 silly audit   'fraction.js': [ '5.3.4' ],
59 silly audit   fsevents: [ '2.3.3' ],
59 silly audit   'function-bind': [ '1.1.2' ],
59 silly audit   'graceful-fs': [ '4.2.11' ],
59 silly audit   hasown: [ '2.0.4' ],
59 silly audit   'is-binary-path': [ '2.1.0' ],
59 silly audit   'is-core-module': [ '2.16.2' ],
59 silly audit   'is-extglob': [ '2.1.1' ],
59 silly audit   'is-glob': [ '4.0.3' ],
59 silly audit   'is-number': [ '7.0.0' ],
59 silly audit   jiti: [ '1.21.7' ],
59 silly audit   'js-tokens': [ '4.0.0' ],
59 silly audit   lilconfig: [ '3.1.3' ],
59 silly audit   'lines-and-columns': [ '1.2.4' ],
59 silly audit   'loose-envify': [ '1.4.0' ],
59 silly audit   merge2: [ '1.4.1' ],
59 silly audit   micromatch: [ '4.0.8' ],
59 silly audit   mz: [ '2.7.0' ],
59 silly audit   nanoid: [ '3.3.18' ],
59 silly audit   next: [ '14.2.5' ],
59 silly audit   postcss: [ '8.4.31', '8.5.26' ],
59 silly audit   'node-releases': [ '2.0.53' ],
59 silly audit   'normalize-path': [ '3.0.0' ],
59 silly audit   'object-assign': [ '4.1.1' ],
59 silly audit   'object-hash': [ '3.0.0' ],
59 silly audit   'path-parse': [ '1.0.7' ],
59 silly audit   picocolors: [ '1.1.1' ],
59 silly audit   picomatch: [ '2.3.2', '4.0.5' ],
59 silly audit   pify: [ '2.3.0' ],
59 silly audit   pirates: [ '4.0.7' ],
59 silly audit   'postcss-import': [ '15.1.0' ],
59 silly audit   'postcss-js': [ '4.1.0' ],
59 silly audit   'postcss-load-config': [ '6.0.1' ],
59 silly audit   'postcss-nested': [ '6.2.0' ],
59 silly audit   'postcss-selector-parser': [ '6.1.4' ],
59 silly audit   'postcss-value-parser': [ '4.2.0' ],
59 silly audit   'queue-microtask': [ '1.2.3' ],
59 silly audit   react: [ '18.3.1' ],
59 silly audit   'react-dom': [ '18.3.1' ],
59 silly audit   'read-cache': [ '1.0.0' ],
59 silly audit   readdirp: [ '3.6.0' ],
59 silly audit   resolve: [ '1.22.12' ],
59 silly audit   reusify: [ '1.1.0' ],
59 silly audit   'run-parallel': [ '1.2.0' ],
59 silly audit   scheduler: [ '0.23.2' ],
59 silly audit   'source-map-js': [ '1.2.1' ],
59 silly audit   streamsearch: [ '1.1.0' ],
59 silly audit   'styled-jsx': [ '5.1.1' ],
59 silly audit   sucrase: [ '3.35.1' ],
59 silly audit   'supports-preserve-symlinks-flag': [ '1.0.0' ],
59 silly audit   tailwindcss: [ '3.4.19' ],
59 silly audit   thenify: [ '3.3.1' ],
59 silly audit   'thenify-all': [ '1.6.0' ],
59 silly audit   tinyglobby: [ '0.2.17' ],
59 silly audit   fdir: [ '6.5.0' ],
59 silly audit   'to-regex-range': [ '5.0.1' ],
59 silly audit   'ts-interface-checker': [ '0.1.13' ],
59 silly audit   tslib: [ '2.8.1' ],
59 silly audit   typescript: [ '5.9.3' ],
59 silly audit   'undici-types': [ '6.21.0' ],
59 silly audit   'update-browserslist-db': [ '1.3.1' ],
59 silly audit   'util-deprecate': [ '1.0.2' ],
59 silly audit   '@supabase/supabase-js': [ '2.112.3' ],
59 silly audit   '@supabase/auth-js': [ '2.112.3' ],
59 silly audit   '@supabase/functions-js': [ '2.112.3' ],
59 silly audit   '@supabase/postgrest-js': [ '2.112.3' ],
59 silly audit   '@supabase/realtime-js': [ '2.112.3' ],
59 silly audit   '@supabase/storage-js': [ '2.112.3' ],
59 silly audit   '@supabase/phoenix': [ '0.4.5' ],
59 silly audit   'iceberg-js': [ '0.8.1' ]
59 silly audit }
60 http cache iceberg-js@https://registry.npmmirror.com/iceberg-js/-/iceberg-js-0.8.1.tgz 0ms (cache hit)
61 http cache @supabase/storage-js@https://registry.npmmirror.com/@supabase/storage-js/-/storage-js-2.112.3.tgz 0ms (cache hit)
62 http cache @supabase/realtime-js@https://registry.npmmirror.com/@supabase/realtime-js/-/realtime-js-2.112.3.tgz 0ms (cache hit)
63 http cache @supabase/phoenix@https://registry.npmmirror.com/@supabase/phoenix/-/phoenix-0.4.5.tgz 0ms (cache hit)
64 http cache @supabase/postgrest-js@https://registry.npmmirror.com/@supabase/postgrest-js/-/postgrest-js-2.112.3.tgz 0ms (cache hit)
65 silly tarball no local data for iceberg-js@https://registry.npmmirror.com/iceberg-js/-/iceberg-js-0.8.1.tgz. Extracting by manifest.
66 silly tarball no local data for @supabase/storage-js@https://registry.npmmirror.com/@supabase/storage-js/-/storage-js-2.112.3.tgz. Extracting by manifest.
67 silly tarball no local data for @supabase/realtime-js@https://registry.npmmirror.com/@supabase/realtime-js/-/realtime-js-2.112.3.tgz. Extracting by manifest.
68 silly tarball no local data for @supabase/phoenix@https://registry.npmmirror.com/@supabase/phoenix/-/phoenix-0.4.5.tgz. Extracting by manifest.
69 silly tarball no local data for @supabase/postgrest-js@https://registry.npmmirror.com/@supabase/postgrest-js/-/postgrest-js-2.112.3.tgz. Extracting by manifest.
70 http cache @supabase/functions-js@https://registry.npmmirror.com/@supabase/functions-js/-/functions-js-2.112.3.tgz 0ms (cache hit)
71 http cache @supabase/supabase-js@https://registry.npmmirror.com/@supabase/supabase-js/-/supabase-js-2.112.3.tgz 0ms (cache hit)
72 http cache @supabase/auth-js@https://registry.npmmirror.com/@supabase/auth-js/-/auth-js-2.112.3.tgz 0ms (cache hit)
73 silly tarball no local data for @supabase/functions-js@https://registry.npmmirror.com/@supabase/functions-js/-/functions-js-2.112.3.tgz. Extracting by manifest.
74 silly tarball no local data for @supabase/supabase-js@https://registry.npmmirror.com/@supabase/supabase-js/-/supabase-js-2.112.3.tgz. Extracting by manifest.
75 silly tarball no local data for @supabase/auth-js@https://registry.npmmirror.com/@supabase/auth-js/-/auth-js-2.112.3.tgz. Extracting by manifest.
76 http fetch POST 404 https://registry.npmmirror.com/-/npm/v1/security/advisories/bulk 37ms
77 verbose audit error HttpErrorGeneral: 404 Not Found - POST https://registry.npmmirror.com/-/npm/v1/security/advisories/bulk - [NOT_IMPLEMENTED] /-/npm/v1/security/* not implemented yet
77 verbose audit error     at C:\Program Files\nodejs\node_modules\npm\node_modules\npm-registry-fetch\lib\check-response.js:103:15
77 verbose audit error     at process.processTicksAndRejections (node:internal/process/task_queues:104:5)
77 verbose audit error     at async #getReport (C:\Program Files\nodejs\node_modules\npm\node_modules\@npmcli\arborist\lib\audit-report.js:275:19)
77 verbose audit error     at async AuditReport.run (C:\Program Files\nodejs\node_modules\npm\node_modules\@npmcli\arborist\lib\audit-report.js:100:19) {
77 verbose audit error   headers: [Object: null prototype] {
77 verbose audit error     server: [ 'Tengine' ],
77 verbose audit error     date: [ 'Tue, 11 Aug 2026 14:27:27 GMT' ],
77 verbose audit error     'content-type': [ 'application/json' ],
77 verbose audit error     'transfer-encoding': [ 'chunked' ],
77 verbose audit error     connection: [ 'keep-alive' ],
77 verbose audit error     'strict-transport-security': [ 'max-age=5184000' ],
77 verbose audit error     via: [ 'kunlun8.cn9456[,404666]' ],
77 verbose audit error     'timing-allow-origin': [ '*' ],
77 verbose audit error     eagleid: [ '6f2aba1c17864584476167574e' ],
77 verbose audit error     'x-fetch-attempts': [ '1' ]
77 verbose audit error   },
77 verbose audit error   statusCode: 404,
77 verbose audit error   code: 'E404',
77 verbose audit error   method: 'POST',
77 verbose audit error   uri: 'https://registry.npmmirror.com/-/npm/v1/security/advisories/bulk',
77 verbose audit error   body: {
77 verbose audit error     error: '[NOT_IMPLEMENTED] /-/npm/v1/security/* not implemented yet'
77 verbose audit error   },
77 verbose audit error   pkgid: undefined
77 verbose audit error }
78 silly audit error [object Object]
79 silly audit report null
80 http fetch GET 200 https://cdn.npmmirror.com/packages/iceberg-js/0.8.1/iceberg-js-0.8.1.tgz 404ms (cache miss)
81 http fetch GET 200 https://cdn.npmmirror.com/packages/%40supabase/phoenix/0.4.5/phoenix-0.4.5.tgz 599ms (cache miss)
82 http fetch GET 200 https://cdn.npmmirror.com/packages/%40supabase/storage-js/2.112.3/storage-js-2.112.3.tgz 680ms (cache miss)
83 http fetch GET 200 https://cdn.npmmirror.com/packages/%40supabase/functions-js/2.112.3/functions-js-2.112.3.tgz 677ms (cache miss)
84 http fetch GET 200 https://cdn.npmmirror.com/packages/%40supabase/postgrest-js/2.112.3/postgrest-js-2.112.3.tgz 771ms (cache miss)
85 http fetch GET 200 https://cdn.npmmirror.com/packages/%40supabase/supabase-js/2.112.3/supabase-js-2.112.3.tgz 776ms (cache miss)
86 http fetch GET 200 https://cdn.npmmirror.com/packages/%40supabase/realtime-js/2.112.3/realtime-js-2.112.3.tgz 837ms (cache miss)
87 http fetch GET 200 https://cdn.npmmirror.com/packages/%40supabase/auth-js/2.112.3/auth-js-2.112.3.tgz 1293ms (cache miss)
88 silly ADD node_modules/iceberg-js
89 silly ADD node_modules/@supabase/phoenix
90 silly ADD node_modules/@supabase/storage-js
91 silly ADD node_modules/@supabase/realtime-js
92 silly ADD node_modules/@supabase/postgrest-js
93 silly ADD node_modules/@supabase/functions-js
94 silly ADD node_modules/@supabase/auth-js
95 silly ADD node_modules/@supabase/supabase-js
96 verbose cwd C:\Users\85978\Desktop\生活\yqc\web开发
97 verbose os Windows_NT 10.0.26200
98 verbose node v24.15.0
99 verbose npm  v11.12.1
100 verbose exit 0
101 info ok
